{
  "istio/policy/v1beta1/rules": [
    {
      "Metadata": {
        "name": "{{.Namespace}}/valid-rule"
      },
      "Body": {
        "actions": [
          {
            "handler": "my-handler",
            "instances": [
              "my-instance"
            ]
          }
        ]
      },
      "TypeURL": "type.googleapis.com/istio.policy.v1beta1.Rule"
    }
  ]
}
